Detecting compiler hash for triplet x64-linux...
Compiler found: /usr/bin/c++
The following packages are already installed:
    assimp:x64-linux@6.0.4
  * draco:x64-linux@1.5.7
  * jhasse-poly2tri:x64-linux@2023-12-27#2
  * kubazip:x64-linux@0.3.6
  * minizip:x64-linux@1.3.1#1
  * polyclipping:x64-linux@6.4.2#13
  * pugixml:x64-linux@1.15#1
  * rapidjson:x64-linux@2025-02-26
  * stb:x64-linux@2024-07-29#1
  * utfcpp:x64-linux@4.0.9
  * vcpkg-cmake:x64-linux@2024-04-23
  * vcpkg-cmake-config:x64-linux@2024-05-23
  * vcpkg-cmake-get-vars:x64-linux@2025-05-29
  * zlib:x64-linux@1.3.1
assimp provides CMake targets:

  # this is heuristically generated, and may not be correct
  find_package(assimp CONFIG REQUIRED)
  target_link_libraries(main PRIVATE assimp::assimp)

assimp provides pkg-config modules:

  # Import various well-known 3D model formats in an uniform manner.
  assimp

All requested installations completed successfully in: 117 us
